2025-05-10T00:10:06.898Z [INFO]: Iniciando configuração e agendamento de todos os Jobs...
2025-05-10T00:10:06.911Z [INFO]: Todos os Jobs foram configurados e agendados.
2025-05-10T00:10:06.967Z [ERROR]: [JOB MOTIVAÇÃO] Erro ao buscar prefs. Usando 08:00. Detalhes: | Adicional: {
  "name": "SequelizeDatabaseError",
  "parent": {
    "length": 113,
    "name": "error",
    "severity": "ERRO",
    "code": "42P01",
    "position": "397",
    "file": "parse_relation.c",
    "line": "1452",
    "routine": "parserOpenTable",
    "sql": "SELECT \"id\", \"enableWaterReminder\", \"waterReminderFrequencyType\", \"waterReminderCustomIntervalMinutes\", \"waterReminderStartTime\", \"waterReminderEndTime\", \"enableMotivationMessage\", \"motivationMessageTime\", \"dailySummaryTime\", \"weeklySummaryDayOfWeek\", \"weeklySummaryTime\", \"monthlyReportDayOfMonth\", \"monthlyReportTime\", \"defaultAppointmentReminderLeadTimeMinutes\", \"createdAt\", \"updatedAt\" FROM \"user_preferences\" AS \"UserPreference\" ORDER BY \"UserPreference\".\"id\" ASC LIMIT 1;"
  },
  "original": {
    "length": 113,
    "name": "error",
    "severity": "ERRO",
    "code": "42P01",
    "position": "397",
    "file": "parse_relation.c",
    "line": "1452",
    "routine": "parserOpenTable",
    "sql": "SELECT \"id\", \"enableWaterReminder\", \"waterReminderFrequencyType\", \"waterReminderCustomIntervalMinutes\", \"waterReminderStartTime\", \"waterReminderEndTime\", \"enableMotivationMessage\", \"motivationMessageTime\", \"dailySummaryTime\", \"weeklySummaryDayOfWeek\", \"weeklySummaryTime\", \"monthlyReportDayOfMonth\", \"monthlyReportTime\", \"defaultAppointmentReminderLeadTimeMinutes\", \"createdAt\", \"updatedAt\" FROM \"user_preferences\" AS \"UserPreference\" ORDER BY \"UserPreference\".\"id\" ASC LIMIT 1;"
  },
  "sql": "SELECT \"id\", \"enableWaterReminder\", \"waterReminderFrequencyType\", \"waterReminderCustomIntervalMinutes\", \"waterReminderStartTime\", \"waterReminderEndTime\", \"enableMotivationMessage\", \"motivationMessageTime\", \"dailySummaryTime\", \"weeklySummaryDayOfWeek\", \"weeklySummaryTime\", \"monthlyReportDayOfMonth\", \"monthlyReportTime\", \"defaultAppointmentReminderLeadTimeMinutes\", \"createdAt\", \"updatedAt\" FROM \"user_preferences\" AS \"UserPreference\" ORDER BY \"UserPreference\".\"id\" ASC LIMIT 1;",
  "parameters": {}
}
2025-05-10T00:10:07.077Z [ERROR]: [JOB LEMBRETE COMPROMISSO] Erro ao buscar prefs. Usando default. Detalhes: | Adicional: {
  "name": "SequelizeDatabaseError",
  "parent": {
    "length": 113,
    "name": "error",
    "severity": "ERRO",
    "code": "42P01",
    "position": "397",
    "file": "parse_relation.c",
    "line": "1452",
    "routine": "parserOpenTable",
    "sql": "SELECT \"id\", \"enableWaterReminder\", \"waterReminderFrequencyType\", \"waterReminderCustomIntervalMinutes\", \"waterReminderStartTime\", \"waterReminderEndTime\", \"enableMotivationMessage\", \"motivationMessageTime\", \"dailySummaryTime\", \"weeklySummaryDayOfWeek\", \"weeklySummaryTime\", \"monthlyReportDayOfMonth\", \"monthlyReportTime\", \"defaultAppointmentReminderLeadTimeMinutes\", \"createdAt\", \"updatedAt\" FROM \"user_preferences\" AS \"UserPreference\" ORDER BY \"UserPreference\".\"id\" ASC LIMIT 1;"
  },
  "original": {
    "length": 113,
    "name": "error",
    "severity": "ERRO",
    "code": "42P01",
    "position": "397",
    "file": "parse_relation.c",
    "line": "1452",
    "routine": "parserOpenTable",
    "sql": "SELECT \"id\", \"enableWaterReminder\", \"waterReminderFrequencyType\", \"waterReminderCustomIntervalMinutes\", \"waterReminderStartTime\", \"waterReminderEndTime\", \"enableMotivationMessage\", \"motivationMessageTime\", \"dailySummaryTime\", \"weeklySummaryDayOfWeek\", \"weeklySummaryTime\", \"monthlyReportDayOfMonth\", \"monthlyReportTime\", \"defaultAppointmentReminderLeadTimeMinutes\", \"createdAt\", \"updatedAt\" FROM \"user_preferences\" AS \"UserPreference\" ORDER BY \"UserPreference\".\"id\" ASC LIMIT 1;"
  },
  "sql": "SELECT \"id\", \"enableWaterReminder\", \"waterReminderFrequencyType\", \"waterReminderCustomIntervalMinutes\", \"waterReminderStartTime\", \"waterReminderEndTime\", \"enableMotivationMessage\", \"motivationMessageTime\", \"dailySummaryTime\", \"weeklySummaryDayOfWeek\", \"weeklySummaryTime\", \"monthlyReportDayOfMonth\", \"monthlyReportTime\", \"defaultAppointmentReminderLeadTimeMinutes\", \"createdAt\", \"updatedAt\" FROM \"user_preferences\" AS \"UserPreference\" ORDER BY \"UserPreference\".\"id\" ASC LIMIT 1;",
  "parameters": {}
}
2025-05-10T00:10:07.075Z [ERROR]: [JOB ÁGUA] Erro ao buscar prefs: | Adicional: {
  "error": {
    "name": "SequelizeDatabaseError",
    "parent": {
      "length": 113,
      "name": "error",
      "severity": "ERRO",
      "code": "42P01",
      "position": "397",
      "file": "parse_relation.c",
      "line": "1452",
      "routine": "parserOpenTable",
      "sql": "SELECT \"id\", \"enableWaterReminder\", \"waterReminderFrequencyType\", \"waterReminderCustomIntervalMinutes\", \"waterReminderStartTime\", \"waterReminderEndTime\", \"enableMotivationMessage\", \"motivationMessageTime\", \"dailySummaryTime\", \"weeklySummaryDayOfWeek\", \"weeklySummaryTime\", \"monthlyReportDayOfMonth\", \"monthlyReportTime\", \"defaultAppointmentReminderLeadTimeMinutes\", \"createdAt\", \"updatedAt\" FROM \"user_preferences\" AS \"UserPreference\" ORDER BY \"UserPreference\".\"id\" ASC LIMIT 1;"
    },
    "original": {
      "length": 113,
      "name": "error",
      "severity": "ERRO",
      "code": "42P01",
      "position": "397",
      "file": "parse_relation.c",
      "line": "1452",
      "routine": "parserOpenTable",
      "sql": "SELECT \"id\", \"enableWaterReminder\", \"waterReminderFrequencyType\", \"waterReminderCustomIntervalMinutes\", \"waterReminderStartTime\", \"waterReminderEndTime\", \"enableMotivationMessage\", \"motivationMessageTime\", \"dailySummaryTime\", \"weeklySummaryDayOfWeek\", \"weeklySummaryTime\", \"monthlyReportDayOfMonth\", \"monthlyReportTime\", \"defaultAppointmentReminderLeadTimeMinutes\", \"createdAt\", \"updatedAt\" FROM \"user_preferences\" AS \"UserPreference\" ORDER BY \"UserPreference\".\"id\" ASC LIMIT 1;"
    },
    "sql": "SELECT \"id\", \"enableWaterReminder\", \"waterReminderFrequencyType\", \"waterReminderCustomIntervalMinutes\", \"waterReminderStartTime\", \"waterReminderEndTime\", \"enableMotivationMessage\", \"motivationMessageTime\", \"dailySummaryTime\", \"weeklySummaryDayOfWeek\", \"weeklySummaryTime\", \"monthlyReportDayOfMonth\", \"monthlyReportTime\", \"defaultAppointmentReminderLeadTimeMinutes\", \"createdAt\", \"updatedAt\" FROM \"user_preferences\" AS \"UserPreference\" ORDER BY \"UserPreference\".\"id\" ASC LIMIT 1;",
    "parameters": {}
  }
}
2025-05-10T00:10:07.080Z [ERROR]: [JOB RESUMO FINANCEIRO] Erro ao buscar preferências para agendar jobs de resumo: | Adicional: {
  "error": {
    "name": "SequelizeDatabaseError",
    "parent": {
      "length": 113,
      "name": "error",
      "severity": "ERRO",
      "code": "42P01",
      "position": "397",
      "file": "parse_relation.c",
      "line": "1452",
      "routine": "parserOpenTable",
      "sql": "SELECT \"id\", \"enableWaterReminder\", \"waterReminderFrequencyType\", \"waterReminderCustomIntervalMinutes\", \"waterReminderStartTime\", \"waterReminderEndTime\", \"enableMotivationMessage\", \"motivationMessageTime\", \"dailySummaryTime\", \"weeklySummaryDayOfWeek\", \"weeklySummaryTime\", \"monthlyReportDayOfMonth\", \"monthlyReportTime\", \"defaultAppointmentReminderLeadTimeMinutes\", \"createdAt\", \"updatedAt\" FROM \"user_preferences\" AS \"UserPreference\" ORDER BY \"UserPreference\".\"id\" ASC LIMIT 1;"
    },
    "original": {
      "length": 113,
      "name": "error",
      "severity": "ERRO",
      "code": "42P01",
      "position": "397",
      "file": "parse_relation.c",
      "line": "1452",
      "routine": "parserOpenTable",
      "sql": "SELECT \"id\", \"enableWaterReminder\", \"waterReminderFrequencyType\", \"waterReminderCustomIntervalMinutes\", \"waterReminderStartTime\", \"waterReminderEndTime\", \"enableMotivationMessage\", \"motivationMessageTime\", \"dailySummaryTime\", \"weeklySummaryDayOfWeek\", \"weeklySummaryTime\", \"monthlyReportDayOfMonth\", \"monthlyReportTime\", \"defaultAppointmentReminderLeadTimeMinutes\", \"createdAt\", \"updatedAt\" FROM \"user_preferences\" AS \"UserPreference\" ORDER BY \"UserPreference\".\"id\" ASC LIMIT 1;"
    },
    "sql": "SELECT \"id\", \"enableWaterReminder\", \"waterReminderFrequencyType\", \"waterReminderCustomIntervalMinutes\", \"waterReminderStartTime\", \"waterReminderEndTime\", \"enableMotivationMessage\", \"motivationMessageTime\", \"dailySummaryTime\", \"weeklySummaryDayOfWeek\", \"weeklySummaryTime\", \"monthlyReportDayOfMonth\", \"monthlyReportTime\", \"defaultAppointmentReminderLeadTimeMinutes\", \"createdAt\", \"updatedAt\" FROM \"user_preferences\" AS \"UserPreference\" ORDER BY \"UserPreference\".\"id\" ASC LIMIT 1;",
    "parameters": {}
  }
}
2025-05-10T00:10:07.078Z [ERROR]: [JOB ALERTAS] Erro ao buscar prefs. Usando default. Detalhes: | Adicional: {
  "name": "SequelizeDatabaseError",
  "parent": {
    "length": 113,
    "name": "error",
    "severity": "ERRO",
    "code": "42P01",
    "position": "397",
    "file": "parse_relation.c",
    "line": "1452",
    "routine": "parserOpenTable",
    "sql": "SELECT \"id\", \"enableWaterReminder\", \"waterReminderFrequencyType\", \"waterReminderCustomIntervalMinutes\", \"waterReminderStartTime\", \"waterReminderEndTime\", \"enableMotivationMessage\", \"motivationMessageTime\", \"dailySummaryTime\", \"weeklySummaryDayOfWeek\", \"weeklySummaryTime\", \"monthlyReportDayOfMonth\", \"monthlyReportTime\", \"defaultAppointmentReminderLeadTimeMinutes\", \"createdAt\", \"updatedAt\" FROM \"user_preferences\" AS \"UserPreference\" ORDER BY \"UserPreference\".\"id\" ASC LIMIT 1;"
  },
  "original": {
    "length": 113,
    "name": "error",
    "severity": "ERRO",
    "code": "42P01",
    "position": "397",
    "file": "parse_relation.c",
    "line": "1452",
    "routine": "parserOpenTable",
    "sql": "SELECT \"id\", \"enableWaterReminder\", \"waterReminderFrequencyType\", \"waterReminderCustomIntervalMinutes\", \"waterReminderStartTime\", \"waterReminderEndTime\", \"enableMotivationMessage\", \"motivationMessageTime\", \"dailySummaryTime\", \"weeklySummaryDayOfWeek\", \"weeklySummaryTime\", \"monthlyReportDayOfMonth\", \"monthlyReportTime\", \"defaultAppointmentReminderLeadTimeMinutes\", \"createdAt\", \"updatedAt\" FROM \"user_preferences\" AS \"UserPreference\" ORDER BY \"UserPreference\".\"id\" ASC LIMIT 1;"
  },
  "sql": "SELECT \"id\", \"enableWaterReminder\", \"waterReminderFrequencyType\", \"waterReminderCustomIntervalMinutes\", \"waterReminderStartTime\", \"waterReminderEndTime\", \"enableMotivationMessage\", \"motivationMessageTime\", \"dailySummaryTime\", \"weeklySummaryDayOfWeek\", \"weeklySummaryTime\", \"monthlyReportDayOfMonth\", \"monthlyReportTime\", \"defaultAppointmentReminderLeadTimeMinutes\", \"createdAt\", \"updatedAt\" FROM \"user_preferences\" AS \"UserPreference\" ORDER BY \"UserPreference\".\"id\" ASC LIMIT 1;",
  "parameters": {}
}
2025-05-10T00:10:07.080Z [ERROR]: [JOB RECORRÊNCIA] Erro ao buscar preferências para agendar job. Usando default. Detalhes: | Adicional: {
  "name": "SequelizeDatabaseError",
  "parent": {
    "length": 113,
    "name": "error",
    "severity": "ERRO",
    "code": "42P01",
    "position": "397",
    "file": "parse_relation.c",
    "line": "1452",
    "routine": "parserOpenTable",
    "sql": "SELECT \"id\", \"enableWaterReminder\", \"waterReminderFrequencyType\", \"waterReminderCustomIntervalMinutes\", \"waterReminderStartTime\", \"waterReminderEndTime\", \"enableMotivationMessage\", \"motivationMessageTime\", \"dailySummaryTime\", \"weeklySummaryDayOfWeek\", \"weeklySummaryTime\", \"monthlyReportDayOfMonth\", \"monthlyReportTime\", \"defaultAppointmentReminderLeadTimeMinutes\", \"createdAt\", \"updatedAt\" FROM \"user_preferences\" AS \"UserPreference\" ORDER BY \"UserPreference\".\"id\" ASC LIMIT 1;"
  },
  "original": {
    "length": 113,
    "name": "error",
    "severity": "ERRO",
    "code": "42P01",
    "position": "397",
    "file": "parse_relation.c",
    "line": "1452",
    "routine": "parserOpenTable",
    "sql": "SELECT \"id\", \"enableWaterReminder\", \"waterReminderFrequencyType\", \"waterReminderCustomIntervalMinutes\", \"waterReminderStartTime\", \"waterReminderEndTime\", \"enableMotivationMessage\", \"motivationMessageTime\", \"dailySummaryTime\", \"weeklySummaryDayOfWeek\", \"weeklySummaryTime\", \"monthlyReportDayOfMonth\", \"monthlyReportTime\", \"defaultAppointmentReminderLeadTimeMinutes\", \"createdAt\", \"updatedAt\" FROM \"user_preferences\" AS \"UserPreference\" ORDER BY \"UserPreference\".\"id\" ASC LIMIT 1;"
  },
  "sql": "SELECT \"id\", \"enableWaterReminder\", \"waterReminderFrequencyType\", \"waterReminderCustomIntervalMinutes\", \"waterReminderStartTime\", \"waterReminderEndTime\", \"enableMotivationMessage\", \"motivationMessageTime\", \"dailySummaryTime\", \"weeklySummaryDayOfWeek\", \"weeklySummaryTime\", \"monthlyReportDayOfMonth\", \"monthlyReportTime\", \"defaultAppointmentReminderLeadTimeMinutes\", \"createdAt\", \"updatedAt\" FROM \"user_preferences\" AS \"UserPreference\" ORDER BY \"UserPreference\".\"id\" ASC LIMIT 1;",
  "parameters": {}
}
2025-05-10T00:13:20.196Z [INFO]: Iniciando configuração e agendamento de todos os Jobs...
2025-05-10T00:13:20.199Z [INFO]: Todos os Jobs foram configurados e agendados.
2025-05-10T00:13:20.213Z [INFO]: [JOB MOTIVAÇÃO] Job desabilitado nas preferências.
2025-05-10T00:13:20.215Z [INFO]: [JOB LEMBRETE COMPROMISSO] Agendado para rodar: */5 * * * *
2025-05-10T00:13:20.236Z [WARN]: [JOB RESUMO FINANCEIRO] Preferências não encontradas, jobs de resumo não agendados.
2025-05-10T00:13:20.235Z [INFO]: [JOB ALERTAS] Agendado para: 0 9 * * *
2025-05-10T00:13:20.237Z [INFO]: [JOB RECORRÊNCIA] Agendado para: 0 4 * * *
2025-05-10T00:13:20.239Z [INFO]: [JOB ÁGUA] Desabilitado nas preferências.
2025-05-10T00:14:42.433Z [INFO]: [WhatsAppService] Enviando MENSAGEM COM LISTA DE BOTÕES para 5571983141335: "Este é um resumo de uma transação de exemplo:

💡 ..." com 2 botões.
2025-05-10T00:14:42.436Z [DEBUG]: [WhatsAppService] Payload da Lista de Botões: | Adicional: {
  "phone": "5571983141335",
  "message": "Este é um resumo de uma transação de exemplo:\n\n💡 Descrição: Compra Teste\n💰 Valor: R$ 100,00\n📅 Data: 10/05/2024\n✅ Status: Pago\n\nO que você gostaria de fazer?",
  "buttonList": {
    "buttons": [
      {
        "id": "edit_transaction_transacao_abc",
        "label": "Editar Transação"
      },
      {
        "id": "delete_transaction_transacao_xyz",
        "label": "Excluir Transação"
      }
    ]
  }
}
2025-05-10T00:14:43.241Z [INFO]: [WhatsAppService] Mensagem com LISTA DE BOTÕES enviada com sucesso para 5571983141335. Z-API Response: | Adicional: {
  "zaapId": "3E0F61B022B690AFC6973E6C84E4C76C",
  "messageId": "3EB0C63E225F988DF720F0",
  "id": "3EB0C63E225F988DF720F0"
}
2025-05-10T00:15:00.225Z [INFO]: [JOB LEMBRETE COMPROMISSO] Verificando compromissos...
2025-05-10T00:20:00.373Z [INFO]: [JOB LEMBRETE COMPROMISSO] Verificando compromissos...
2025-05-10T00:25:00.392Z [INFO]: [JOB LEMBRETE COMPROMISSO] Verificando compromissos...
2025-05-10T00:30:00.663Z [INFO]: [JOB LEMBRETE COMPROMISSO] Verificando compromissos...
2025-05-10T00:35:00.582Z [INFO]: [JOB LEMBRETE COMPROMISSO] Verificando compromissos...
2025-05-10T00:40:00.293Z [INFO]: [JOB LEMBRETE COMPROMISSO] Verificando compromissos...
2025-05-10T00:45:00.068Z [INFO]: [JOB LEMBRETE COMPROMISSO] Verificando compromissos...
2025-05-10T00:50:00.714Z [INFO]: [JOB LEMBRETE COMPROMISSO] Verificando compromissos...
2025-05-10T00:55:00.349Z [INFO]: [JOB LEMBRETE COMPROMISSO] Verificando compromissos...
2025-05-10T01:00:00.079Z [INFO]: [JOB LEMBRETE COMPROMISSO] Verificando compromissos...
2025-05-10T01:05:00.782Z [INFO]: [JOB LEMBRETE COMPROMISSO] Verificando compromissos...
2025-05-10T01:10:00.408Z [INFO]: [JOB LEMBRETE COMPROMISSO] Verificando compromissos...
2025-05-10T01:15:00.194Z [INFO]: [JOB LEMBRETE COMPROMISSO] Verificando compromissos...
2025-05-10T01:20:00.919Z [INFO]: [JOB LEMBRETE COMPROMISSO] Verificando compromissos...
2025-05-10T01:25:00.465Z [INFO]: [JOB LEMBRETE COMPROMISSO] Verificando compromissos...
2025-05-10T01:30:00.694Z [INFO]: [JOB LEMBRETE COMPROMISSO] Verificando compromissos...
2025-05-10T01:35:00.818Z [INFO]: [JOB LEMBRETE COMPROMISSO] Verificando compromissos...
2025-05-10T01:40:00.232Z [INFO]: [JOB LEMBRETE COMPROMISSO] Verificando compromissos...
2025-05-10T01:45:00.385Z [INFO]: [JOB LEMBRETE COMPROMISSO] Verificando compromissos...
2025-05-10T01:50:00.830Z [INFO]: [JOB LEMBRETE COMPROMISSO] Verificando compromissos...
2025-05-10T01:55:00.540Z [INFO]: [JOB LEMBRETE COMPROMISSO] Verificando compromissos...
2025-05-10T02:00:00.918Z [INFO]: [JOB LEMBRETE COMPROMISSO] Verificando compromissos...
2025-05-10T02:05:00.166Z [INFO]: [JOB LEMBRETE COMPROMISSO] Verificando compromissos...
2025-05-10T02:10:00.592Z [INFO]: [JOB LEMBRETE COMPROMISSO] Verificando compromissos...
2025-05-10T02:15:00.225Z [INFO]: [JOB LEMBRETE COMPROMISSO] Verificando compromissos...
2025-05-10T02:20:00.406Z [INFO]: [JOB LEMBRETE COMPROMISSO] Verificando compromissos...
2025-05-10T02:25:00.645Z [INFO]: [JOB LEMBRETE COMPROMISSO] Verificando compromissos...
2025-05-10T02:30:00.503Z [INFO]: [JOB LEMBRETE COMPROMISSO] Verificando compromissos...
2025-05-10T02:35:00.865Z [INFO]: [JOB LEMBRETE COMPROMISSO] Verificando compromissos...
2025-05-10T02:36:33.526Z [ERROR]: Erro ao buscar compromissos para lembrete: | Adicional: {
  "error": {
    "name": "SequelizeConnectionAcquireTimeoutError",
    "parent": {},
    "original": {}
  }
}
2025-05-10T02:40:00.398Z [INFO]: [JOB LEMBRETE COMPROMISSO] Verificando compromissos...
2025-05-10T03:15:00.355Z [INFO]: [JOB LEMBRETE COMPROMISSO] Verificando compromissos...
2025-05-10T03:20:00.825Z [INFO]: [JOB LEMBRETE COMPROMISSO] Verificando compromissos...
2025-05-10T03:25:00.294Z [INFO]: [JOB LEMBRETE COMPROMISSO] Verificando compromissos...
2025-05-10T03:30:00.672Z [INFO]: [JOB LEMBRETE COMPROMISSO] Verificando compromissos...
